INFO:     Will watch for changes in these directories: ['/Users/arjunsingh/Desktop/tools/pdf-image-service']
INFO:     Uvicorn running on http://0.0.0.0:8000 (Press CTRL+C to quit)
INFO:     Started reloader process [15051] using WatchFiles
INFO:     Started server process [15053]
INFO:     Waiting for application startup.
[INFO] Starting PDF-to-Images background queue worker...
INFO:     Application startup complete.
INFO:     127.0.0.1:59725 - "POST /api/v1/pdf/redact HTTP/1.1" 500 Internal Server Error
ERROR:    Exception in ASGI application
  + Exception Group Traceback (most recent call last):
  |   File "/Users/arjunsingh/Desktop/tools/pdf-image-service/venv/lib/python3.9/site-packages/starlette/_utils.py", line 79, in collapse_excgroups
  |     yield
  |   File "/Users/arjunsingh/Desktop/tools/pdf-image-service/venv/lib/python3.9/site-packages/starlette/middleware/base.py", line 196, in __call__
  |     recv_stream.close()
  |   File "/Users/arjunsingh/Desktop/tools/pdf-image-service/venv/lib/python3.9/site-packages/anyio/_backends/_asyncio.py", line 783, in __aexit__
  |     raise BaseExceptionGroup(
  | exceptiongroup.ExceptionGroup: unhandled errors in a TaskGroup (1 sub-exception)
  +-+---------------- 1 ----------------
    | Traceback (most recent call last):
    |   File "/Users/arjunsingh/Desktop/tools/pdf-image-service/venv/lib/python3.9/site-packages/uvicorn/protocols/http/httptools_impl.py", line 415, in run_asgi
    |     result = await app(  # type: ignore[func-returns-value]
    |   File "/Users/arjunsingh/Desktop/tools/pdf-image-service/venv/lib/python3.9/site-packages/uvicorn/middleware/proxy_headers.py", line 60, in __call__
    |     return await self.app(scope, receive, send)
    |   File "/Users/arjunsingh/Desktop/tools/pdf-image-service/venv/lib/python3.9/site-packages/fastapi/applications.py", line 1138, in __call__
    |     await super().__call__(scope, receive, send)
    |   File "/Users/arjunsingh/Desktop/tools/pdf-image-service/venv/lib/python3.9/site-packages/starlette/applications.py", line 113, in __call__
    |     await self.middleware_stack(scope, receive, send)
    |   File "/Users/arjunsingh/Desktop/tools/pdf-image-service/venv/lib/python3.9/site-packages/starlette/middleware/errors.py", line 186, in __call__
    |     raise exc
    |   File "/Users/arjunsingh/Desktop/tools/pdf-image-service/venv/lib/python3.9/site-packages/starlette/middleware/errors.py", line 164, in __call__
    |     await self.app(scope, receive, _send)
    |   File "/Users/arjunsingh/Desktop/tools/pdf-image-service/venv/lib/python3.9/site-packages/starlette/middleware/cors.py", line 85, in __call__
    |     await self.app(scope, receive, send)
    |   File "/Users/arjunsingh/Desktop/tools/pdf-image-service/venv/lib/python3.9/site-packages/starlette/middleware/base.py", line 196, in __call__
    |     recv_stream.close()
    |   File "/Library/Developer/CommandLineTools/Library/Frameworks/Python3.framework/Versions/3.9/lib/python3.9/contextlib.py", line 135, in __exit__
    |     self.gen.throw(type, value, traceback)
    |   File "/Users/arjunsingh/Desktop/tools/pdf-image-service/venv/lib/python3.9/site-packages/starlette/_utils.py", line 85, in collapse_excgroups
    |     raise exc
    |   File "/Users/arjunsingh/Desktop/tools/pdf-image-service/venv/lib/python3.9/site-packages/starlette/middleware/base.py", line 193, in __call__
    |     response = await self.dispatch_func(request, call_next)
    |   File "/Users/arjunsingh/Desktop/tools/pdf-image-service/app/utils/log_helper.py", line 172, in dispatch
    |     raise e
    |   File "/Users/arjunsingh/Desktop/tools/pdf-image-service/app/utils/log_helper.py", line 137, in dispatch
    |     response = await call_next(request)
    |   File "/Users/arjunsingh/Desktop/tools/pdf-image-service/venv/lib/python3.9/site-packages/starlette/middleware/base.py", line 168, in call_next
    |     raise app_exc from app_exc.__cause__ or app_exc.__context__
    |   File "/Users/arjunsingh/Desktop/tools/pdf-image-service/venv/lib/python3.9/site-packages/starlette/middleware/base.py", line 144, in coro
    |     await self.app(scope, receive_or_disconnect, send_no_error)
    |   File "/Users/arjunsingh/Desktop/tools/pdf-image-service/venv/lib/python3.9/site-packages/starlette/middleware/base.py", line 196, in __call__
    |     recv_stream.close()
    |   File "/Library/Developer/CommandLineTools/Library/Frameworks/Python3.framework/Versions/3.9/lib/python3.9/contextlib.py", line 135, in __exit__
    |     self.gen.throw(type, value, traceback)
    |   File "/Users/arjunsingh/Desktop/tools/pdf-image-service/venv/lib/python3.9/site-packages/starlette/_utils.py", line 85, in collapse_excgroups
    |     raise exc
    |   File "/Users/arjunsingh/Desktop/tools/pdf-image-service/venv/lib/python3.9/site-packages/starlette/middleware/base.py", line 193, in __call__
    |     response = await self.dispatch_func(request, call_next)
    |   File "/Users/arjunsingh/Desktop/tools/pdf-image-service/app/middleware/gateway_auth.py", line 66, in dispatch
    |     raise HTTPException(
    | fastapi.exceptions.HTTPException: 401: Authentication required. Please provide a valid token.
    +------------------------------------

The above exception was the direct cause of the following exception:

Traceback (most recent call last):
  File "/Users/arjunsingh/Desktop/tools/pdf-image-service/venv/lib/python3.9/site-packages/uvicorn/protocols/http/httptools_impl.py", line 415, in run_asgi
    result = await app(  # type: ignore[func-returns-value]
  File "/Users/arjunsingh/Desktop/tools/pdf-image-service/venv/lib/python3.9/site-packages/uvicorn/middleware/proxy_headers.py", line 60, in __call__
    return await self.app(scope, receive, send)
  File "/Users/arjunsingh/Desktop/tools/pdf-image-service/venv/lib/python3.9/site-packages/fastapi/applications.py", line 1138, in __call__
    await super().__call__(scope, receive, send)
  File "/Users/arjunsingh/Desktop/tools/pdf-image-service/venv/lib/python3.9/site-packages/starlette/applications.py", line 113, in __call__
    await self.middleware_stack(scope, receive, send)
  File "/Users/arjunsingh/Desktop/tools/pdf-image-service/venv/lib/python3.9/site-packages/starlette/middleware/errors.py", line 186, in __call__
    raise exc
  File "/Users/arjunsingh/Desktop/tools/pdf-image-service/venv/lib/python3.9/site-packages/starlette/middleware/errors.py", line 164, in __call__
    await self.app(scope, receive, _send)
  File "/Users/arjunsingh/Desktop/tools/pdf-image-service/venv/lib/python3.9/site-packages/starlette/middleware/cors.py", line 85, in __call__
    await self.app(scope, receive, send)
  File "/Users/arjunsingh/Desktop/tools/pdf-image-service/venv/lib/python3.9/site-packages/starlette/middleware/base.py", line 196, in __call__
    recv_stream.close()
  File "/Library/Developer/CommandLineTools/Library/Frameworks/Python3.framework/Versions/3.9/lib/python3.9/contextlib.py", line 135, in __exit__
    self.gen.throw(type, value, traceback)
  File "/Users/arjunsingh/Desktop/tools/pdf-image-service/venv/lib/python3.9/site-packages/starlette/_utils.py", line 85, in collapse_excgroups
    raise exc
  File "/Users/arjunsingh/Desktop/tools/pdf-image-service/venv/lib/python3.9/site-packages/starlette/middleware/base.py", line 193, in __call__
    response = await self.dispatch_func(request, call_next)
  File "/Users/arjunsingh/Desktop/tools/pdf-image-service/app/utils/log_helper.py", line 172, in dispatch
    raise e
  File "/Users/arjunsingh/Desktop/tools/pdf-image-service/app/utils/log_helper.py", line 137, in dispatch
    response = await call_next(request)
  File "/Users/arjunsingh/Desktop/tools/pdf-image-service/venv/lib/python3.9/site-packages/starlette/middleware/base.py", line 168, in call_next
    raise app_exc from app_exc.__cause__ or app_exc.__context__
  File "/Users/arjunsingh/Desktop/tools/pdf-image-service/venv/lib/python3.9/site-packages/starlette/middleware/base.py", line 144, in coro
    await self.app(scope, receive_or_disconnect, send_no_error)
  File "/Users/arjunsingh/Desktop/tools/pdf-image-service/venv/lib/python3.9/site-packages/starlette/middleware/base.py", line 196, in __call__
    recv_stream.close()
  File "/Library/Developer/CommandLineTools/Library/Frameworks/Python3.framework/Versions/3.9/lib/python3.9/contextlib.py", line 135, in __exit__
    self.gen.throw(type, value, traceback)
  File "/Users/arjunsingh/Desktop/tools/pdf-image-service/venv/lib/python3.9/site-packages/starlette/_utils.py", line 85, in collapse_excgroups
    raise exc
  File "/Users/arjunsingh/Desktop/tools/pdf-image-service/venv/lib/python3.9/site-packages/starlette/middleware/base.py", line 193, in __call__
    response = await self.dispatch_func(request, call_next)
  File "/Users/arjunsingh/Desktop/tools/pdf-image-service/app/middleware/gateway_auth.py", line 66, in dispatch
    raise HTTPException(
fastapi.exceptions.HTTPException: 401: Authentication required. Please provide a valid token.
[WARNING] Failed to send log to central logger-service: All connection attempts failed
WARNING:  WatchFiles detected changes in 'app/services/pdf_advanced_processor.py'. Reloading...
INFO:     Shutting down
INFO:     Waiting for application shutdown.
INFO:     Application shutdown complete.
INFO:     Finished server process [15053]
INFO:     Started server process [15071]
INFO:     Waiting for application startup.
[INFO] Starting PDF-to-Images background queue worker...
INFO:     Application startup complete.
